[backblue.gif]
[fade.gif]
[index.html]
[evrimguler.com.s3-website.us-east-2.amazonaws.com/images/bjkLogo.png]
[evrimguler.com.s3-website.us-east-2.amazonaws.com/images/phd.png]
[phdcomics.com/comics/archive/phd072915s.gif]
[evrimguler.com.s3-website.us-east-2.amazonaws.com/images/footer_CS.png]
[evrimguler.com.s3-website.us-east-2.amazonaws.com/images/footer.png]
[evrimguler.com.s3-website.us-east-2.amazonaws.com/index.html]
[evrimguler.com.s3-website.us-east-2.amazonaws.com/default.css]
[evrimguler.com.s3-website.us-east-2.amazonaws.com/fonts.css]
[evrimguler.com.s3-website.us-east-2.amazonaws.com/index-2.html]
[evrimguler.com.s3-website.us-east-2.amazonaws.com/images/education.png]
[evrimguler.com.s3-website.us-east-2.amazonaws.com/education.html]
[evrimguler.com.s3-website.us-east-2.amazonaws.com/images/research.png]
[evrimguler.com.s3-website.us-east-2.amazonaws.com/images/publication.png]
[evrimguler.com.s3-website.us-east-2.amazonaws.com/research.html]
[evrimguler.com.s3-website.us-east-2.amazonaws.com/images/teaching.png]
[evrimguler.com.s3-website.us-east-2.amazonaws.com/teaching.html]
[evrimguler.com.s3-website.us-east-2.amazonaws.com/images/contact.png]
[evrimguler.com.s3-website.us-east-2.amazonaws.com/contact.html]
[evrimguler.com.s3-website.us-east-2.amazonaws.com/font/fontawesome-webfont9b1a.html]
[evrimguler.com.s3-website.us-east-2.amazonaws.com/font/fontawesome-webfontd41d.html]
[evrimguler.com.s3-website.us-east-2.amazonaws.com/font/fontawesome-webfont9b1a-2.html]
[evrimguler.com.s3-website.us-east-2.amazonaws.com/font/fontawesome-webfont9b1a-3.html]
[evrimguler.com.s3-website.us-east-2.amazonaws.com/font/fontawesome-webfont9b1a-4.html]
[evrimguler.com.s3-website.us-east-2.amazonaws.com/csc2010/images/bjkLogo.png]
[evrimguler.com.s3-website.us-east-2.amazonaws.com/csc2010/images/csc2010.png]
[evrimguler.com.s3-website.us-east-2.amazonaws.com/csc2010/Quiz1.pdf]
[evrimguler.com.s3-website.us-east-2.amazonaws.com/csc2010/images/footer_CS.png]
[evrimguler.com.s3-website.us-east-2.amazonaws.com/csc2010/images/footer.png]
[evrimguler.com.s3-website.us-east-2.amazonaws.com/csc2010/index.html]
[evrimguler.com.s3-website.us-east-2.amazonaws.com/csc2010/default.css]
[evrimguler.com.s3-website.us-east-2.amazonaws.com/csc2010/fonts.css]
[evrimguler.com.s3-website.us-east-2.amazonaws.com/csc2010/syllabus.html]
[evrimguler.com.s3-website.us-east-2.amazonaws.com/csc2010/font/fontawesome-webfont9b1a.html]
[evrimguler.com.s3-website.us-east-2.amazonaws.com/csc2010/font/fontawesome-webfontd41d.html]
[evrimguler.com.s3-website.us-east-2.amazonaws.com/csc2010/font/fontawesome-webfont9b1a-2.html]
[evrimguler.com.s3-website.us-east-2.amazonaws.com/csc2010/font/fontawesome-webfont9b1a-3.html]
[evrimguler.com.s3-website.us-east-2.amazonaws.com/csc2010/font/fontawesome-webfont9b1a-4.html]
